[debug] [2026-08-13T09:05:30.322Z] ----------------------------------------------------------------------
[debug] [2026-08-13T09:05:30.327Z] Command:       C:\Program Files\nodejs\node.exe C:\Users\Asus\AppData\Roaming\npm\node_modules\firebase-tools\lib\bin\firebase.js init
[debug] [2026-08-13T09:05:30.328Z] CLI Version:   15.26.0
[debug] [2026-08-13T09:05:30.328Z] Platform:      win32
[debug] [2026-08-13T09:05:30.328Z] Node Version:  v25.9.0
[debug] [2026-08-13T09:05:30.328Z] Detected Agent: unknown
[debug] [2026-08-13T09:05:30.328Z] Time:          Thu Aug 13 2026 16:05:30 GMT+0700 (Western Indonesia Time)
[debug] [2026-08-13T09:05:30.328Z] ----------------------------------------------------------------------
[debug] 
[info] 
     ######## #### ########  ######## ########     ###     ######  ########
     ##        ##  ##     ## ##       ##     ##  ##   ##  ##       ##
     ######    ##  ########  ######   ########  #########  ######  ######
     ##        ##  ##    ##  ##       ##     ## ##     ##       ## ##
     ##       #### ##     ## ######## ########  ##     ##  ######  ########

You're about to initialize a Firebase project in this directory:

  C:\Users\Asus\OneDrive\Desktop\public

[info] 
=== Project Setup
[info] 
[info] First, let's associate this project directory with a Firebase project.
[info] You can create multiple project aliases by running firebase use --add, 
[info] 
[debug] [2026-08-13T09:06:03.034Z] > command requires scopes: ["email","openid","https://www.googleapis.com/auth/cloudplatformprojects.readonly","https://www.googleapis.com/auth/firebase","https://www.googleapis.com/auth/cloud-platform"]
[debug] [2026-08-13T09:06:03.035Z] > authorizing via signed-in user (robisaputra240401@gmail.com)
[debug] [2026-08-13T09:06:03.075Z] Checked if tokens are valid: true, expires at: 1786615085784
[debug] [2026-08-13T09:06:03.075Z] Checked if tokens are valid: true, expires at: 1786615085784
[debug] [2026-08-13T09:06:03.076Z] >>> [apiv2][query] GET https://firebase.googleapis.com/v1beta1/projects pageSize=100
[debug] [2026-08-13T09:06:03.889Z] <<< [apiv2][status] GET https://firebase.googleapis.com/v1beta1/projects 200
[debug] [2026-08-13T09:06:03.889Z] <<< [apiv2][body] GET https://firebase.googleapis.com/v1beta1/projects [omitted]
[info] 
=== Functions Setup
[debug] [2026-08-13T09:06:07.247Z] > command requires scopes: ["email","openid","https://www.googleapis.com/auth/cloudplatformprojects.readonly","https://www.googleapis.com/auth/firebase","https://www.googleapis.com/auth/cloud-platform"]
[debug] [2026-08-13T09:06:07.247Z] > authorizing via signed-in user (robisaputra240401@gmail.com)
[debug] [2026-08-13T09:06:07.248Z] [iam] checking project cekbot-2140c for permissions ["firebase.projects.get"]
[debug] [2026-08-13T09:06:07.248Z] Checked if tokens are valid: true, expires at: 1786615085784
[debug] [2026-08-13T09:06:07.249Z] Checked if tokens are valid: true, expires at: 1786615085784
[debug] [2026-08-13T09:06:07.249Z] >>> [apiv2][query] POST https://cloudresourcemanager.googleapis.com/v1/projects/cekbot-2140c:testIamPermissions [none]
[debug] [2026-08-13T09:06:07.249Z] >>> [apiv2][(partial)header] POST https://cloudresourcemanager.googleapis.com/v1/projects/cekbot-2140c:testIamPermissions  x-goog-user-project=cekbot-2140c
[debug] [2026-08-13T09:06:07.249Z] >>> [apiv2][body] POST https://cloudresourcemanager.googleapis.com/v1/projects/cekbot-2140c:testIamPermissions {"permissions":["firebase.projects.get"]}
[debug] [2026-08-13T09:06:07.528Z] <<< [apiv2][status] POST https://cloudresourcemanager.googleapis.com/v1/projects/cekbot-2140c:testIamPermissions 200
[debug] [2026-08-13T09:06:07.528Z] <<< [apiv2][body] POST https://cloudresourcemanager.googleapis.com/v1/projects/cekbot-2140c:testIamPermissions {"permissions":["firebase.projects.get"]}
[debug] [2026-08-13T09:06:07.529Z] Checked if tokens are valid: true, expires at: 1786615085784
[debug] [2026-08-13T09:06:07.529Z] Checked if tokens are valid: true, expires at: 1786615085784
[debug] [2026-08-13T09:06:07.529Z] Checked if tokens are valid: true, expires at: 1786615085784
[debug] [2026-08-13T09:06:07.529Z] Checked if tokens are valid: true, expires at: 1786615085784
[debug] [2026-08-13T09:06:07.529Z] >>> [apiv2][query] GET https://serviceusage.googleapis.com/v1/projects/cekbot-2140c/services/cloudfunctions.googleapis.com [none]
[debug] [2026-08-13T09:06:07.529Z] >>> [apiv2][(partial)header] GET https://serviceusage.googleapis.com/v1/projects/cekbot-2140c/services/cloudfunctions.googleapis.com  x-goog-user-project=cekbot-2140c
[debug] [2026-08-13T09:06:07.531Z] >>> [apiv2][query] GET https://serviceusage.googleapis.com/v1/projects/cekbot-2140c/services/runtimeconfig.googleapis.com [none]
[debug] [2026-08-13T09:06:07.531Z] >>> [apiv2][(partial)header] GET https://serviceusage.googleapis.com/v1/projects/cekbot-2140c/services/runtimeconfig.googleapis.com  x-goog-user-project=cekbot-2140c
[debug] [2026-08-13T09:06:09.077Z] <<< [apiv2][status] GET https://serviceusage.googleapis.com/v1/projects/cekbot-2140c/services/cloudfunctions.googleapis.com 200
[debug] [2026-08-13T09:06:09.077Z] <<< [apiv2][body] GET https://serviceusage.googleapis.com/v1/projects/cekbot-2140c/services/cloudfunctions.googleapis.com [omitted]
[debug] [2026-08-13T09:06:09.078Z] Checked if tokens are valid: true, expires at: 1786615085784
[debug] [2026-08-13T09:06:09.078Z] Checked if tokens are valid: true, expires at: 1786615085784
[debug] [2026-08-13T09:06:09.078Z] >>> [apiv2][query] POST https://serviceusage.googleapis.com/v1/projects/cekbot-2140c/services/cloudfunctions.googleapis.com:enable [none]
[debug] [2026-08-13T09:06:09.078Z] >>> [apiv2][(partial)header] POST https://serviceusage.googleapis.com/v1/projects/cekbot-2140c/services/cloudfunctions.googleapis.com:enable  x-goog-user-project=cekbot-2140c
[debug] [2026-08-13T09:06:09.317Z] <<< [apiv2][status] GET https://serviceusage.googleapis.com/v1/projects/cekbot-2140c/services/runtimeconfig.googleapis.com 200
[debug] [2026-08-13T09:06:09.318Z] <<< [apiv2][body] GET https://serviceusage.googleapis.com/v1/projects/cekbot-2140c/services/runtimeconfig.googleapis.com [omitted]
[debug] [2026-08-13T09:06:09.731Z] <<< [apiv2][status] POST https://serviceusage.googleapis.com/v1/projects/cekbot-2140c/services/cloudfunctions.googleapis.com:enable 200
[debug] [2026-08-13T09:06:09.731Z] <<< [apiv2][body] POST https://serviceusage.googleapis.com/v1/projects/cekbot-2140c/services/cloudfunctions.googleapis.com:enable [omitted]
[info] Let's create a new codebase for your functions.
[info] A directory corresponding to the codebase will be created in your project
[info] with sample code pre-configured.

[info] See https://firebase.google.com/docs/functions/organize-functions for
[info] more information on organizing your functions using codebases.

[info] Functions can be deployed with firebase deploy.

